🧪 Testing MCP Server Implementation

Testing initialize...
Initialize response:
data: {"jsonrpc": "2.0", "id": 1, "result": {"protocolVersion": "2025-03-26", "capabilities": {"tools": {}}, "serverInfo": {"name": "Local Knowledge Base", "version": "1.0.0"}}}



Parsed response:
{
  "jsonrpc": "2.0",
  "id": 1,
  "result": {
    "protocolVersion": "2025-03-26",
    "capabilities": {
      "tools": {}
    },
    "serverInfo": {
      "name": "Local Knowledge Base",
      "version": "1.0.0"
    }
  }
}

✅ Initialize response has all required fields!
   Protocol Version: 2025-03-26
   Capabilities: {'tools': {}}
   Server Info: {'name': 'Local Knowledge Base', 'version': '1.0.0'}
--------------------------------------------------
Testing tools/list...
Tools list response:
data: {"jsonrpc": "2.0", "id": 2, "result": {"tools": [{"name": "search", "description": "Searches for resources using the provided query string and returns matching results.", "input_schema": {"type": "object", "properties": {"query": {"type": "string", "description": "Search query."}}, "required": ["query"]}, "output_schema": {"type": "object", "properties": {"results": {"type": "array", "items": {"type": "object", "properties": {"id": {"type": "string", "description": "ID of the resource."}, "title": {"type": "string", "description": "Title or headline of the resource."}, "text": {"type": "string", "description": "Text snippet or summary from the resource."}, "url": {"type": ["string", "null"], "description": "URL of the resource. Optional but needed for citations to work."}}, "required": ["id", "title", "text"]}}}, "required": ["results"]}}, {"name": "fetch", "description": "Retrieves detailed content for a specific resource identified by the given ID.", "input_schema": {"type": "object", "properties": {"id": {"type": "string", "description": "ID of the resource to fetch."}}, "required": ["id"]}, "output_schema": {"type": "object", "properties": {"id": {"type": "string", "description": "ID of the resource."}, "title": {"type": "string", "description": "Title or headline of the fetched resource."}, "text": {"type": "string", "description": "Complete textual content of the resource."}, "url": {"type": ["string", "null"], "description": "URL of the resource. Optional but needed for citations to work."}, "metadata": {"type": ["object", "null"], "additionalProperties": {"type": "string"}, "description": "Optional metadata providing additional context."}}, "required": ["id", "title", "text"]}}]}}



--------------------------------------------------
✅ ALL TESTS PASSED
